Godot Engine v4.5.stable.official.876b29033 - https://godotengine.org

ERROR: Condition "ret != noErr" is true. Returning: ""
   at: get_system_ca_certificates (platform/macos/os_macos.mm:991)
SCRIPT ERROR: Invalid assignment of property or key 'texture' with value of type 'CompressedTexture2D' on a base object of type 'Nil'.
   at: set_state (res://Scripts/UI/StructureTile.gd:21)
   GDScript backtrace (most recent call first):
       [0] set_state (res://Scripts/UI/StructureTile.gd:21)
       [1] _add_structure_tile (res://Scripts/Main.gd:715)
       [2] _screen_hub (res://Scripts/Main.gd:300)
       [3] _rebuild (res://Scripts/Main.gd:199)
       [4] _ready (res://Scripts/Main.gd:128)
SCRIPT ERROR: Invalid assignment of property or key 'texture' with value of type 'CompressedTexture2D' on a base object of type 'Nil'.
   at: set_state (res://Scripts/UI/StructureTile.gd:21)
   GDScript backtrace (most recent call first):
       [0] set_state (res://Scripts/UI/StructureTile.gd:21)
       [1] _add_structure_tile (res://Scripts/Main.gd:715)
       [2] _screen_hub (res://Scripts/Main.gd:301)
       [3] _rebuild (res://Scripts/Main.gd:199)
       [4] _ready (res://Scripts/Main.gd:128)
SCRIPT ERROR: Invalid assignment of property or key 'texture' with value of type 'CompressedTexture2D' on a base object of type 'Nil'.
   at: set_state (res://Scripts/UI/StructureTile.gd:21)
   GDScript backtrace (most recent call first):
       [0] set_state (res://Scripts/UI/StructureTile.gd:21)
       [1] _add_structure_tile (res://Scripts/Main.gd:715)
       [2] _screen_hub (res://Scripts/Main.gd:302)
       [3] _rebuild (res://Scripts/Main.gd:199)
       [4] _ready (res://Scripts/Main.gd:128)
SCRIPT ERROR: Invalid assignment of property or key 'texture' with value of type 'CompressedTexture2D' on a base object of type 'Nil'.
   at: set_state (res://Scripts/UI/StructureTile.gd:21)
   GDScript backtrace (most recent call first):
       [0] set_state (res://Scripts/UI/StructureTile.gd:21)
       [1] _add_structure_tile (res://Scripts/Main.gd:715)
       [2] _screen_hub (res://Scripts/Main.gd:303)
       [3] _rebuild (res://Scripts/Main.gd:199)
       [4] _ready (res://Scripts/Main.gd:128)
